Looking in links: /workspace/yolo_integration_20260915/converter_wheels
Processing /workspace/yolo_integration_20260915/converter_wheels/onnx-1.16.1-cp312-cp312-manylinux_2_17_aarch64.manylinux2014_aarch64.whl
Processing /workspace/yolo_integration_20260915/converter_wheels/onnxruntime-1.18.1-cp312-cp312-manylinux_2_27_aarch64.manylinux_2_28_aarch64.whl
Processing /workspace/yolo_integration_20260915/converter_wheels/torch-2.2.0-cp312-cp312-manylinux2014_aarch64.whl
Processing /workspace/yolo_integration_20260915/converter_wheels/protobuf-4.25.4-cp37-abi3-manylinux2014_aarch64.whl
Processing /workspace/yolo_integration_20260915/converter_wheels/numpy-1.26.4-cp312-cp312-manylinux_2_17_aarch64.manylinux2014_aarch64.whl
Processing /workspace/yolo_integration_20260915/converter_wheels/tqdm-4.70.1-py3-none-any.whl
Processing /workspace/yolo_integration_20260915/converter_wheels/fast_histogram-0.14-cp39-abi3-manylinux_2_17_aarch64.manylinux2014_aarch64.whl
Processing /workspace/yolo_integration_20260915/converter_wheels/scipy-1.13.1-cp312-cp312-manylinux_2_17_aarch64.manylinux2014_aarch64.whl
Processing /workspace/yolo_integration_20260915/converter_wheels/opencv_python_headless-4.10.0.84-cp37-abi3-manylinux_2_17_aarch64.manylinux2014_aarch64.whl
Processing /workspace/yolo_integration_20260915/converter_wheels/psutil-6.1.1-cp36-abi3-manylinux_2_17_aarch64.manylinux2014_aarch64.whl
Processing /workspace/yolo_integration_20260915/converter_wheels/ruamel.yaml-0.18.6-py3-none-any.whl
Processing /workspace/yolo_integration_20260915/converter_wheels/pillow-10.4.0-cp312-cp312-manylinux_2_17_aarch64.manylinux2014_aarch64.whl
Processing /workspace/yolo_integration_20260915/converter_wheels/coloredlogs-15.0.1-py2.py3-none-any.whl (from onnxruntime==1.18.1)
Processing /workspace/yolo_integration_20260915/converter_wheels/flatbuffers-25.12.19-py2.py3-none-any.whl (from onnxruntime==1.18.1)
Processing /workspace/yolo_integration_20260915/converter_wheels/packaging-26.3-py3-none-any.whl (from onnxruntime==1.18.1)
Processing /workspace/yolo_integration_20260915/converter_wheels/sympy-1.14.0-py3-none-any.whl (from onnxruntime==1.18.1)
Processing /workspace/yolo_integration_20260915/converter_wheels/filelock-3.32.6-py3-none-any.whl (from torch==2.2.0)
Processing /workspace/yolo_integration_20260915/converter_wheels/typing_extensions-4.16.0-py3-none-any.whl (from torch==2.2.0)
Processing /workspace/yolo_integration_20260915/converter_wheels/networkx-3.6.1-py3-none-any.whl (from torch==2.2.0)
Processing /workspace/yolo_integration_20260915/converter_wheels/jinja2-3.1.6-py3-none-any.whl (from torch==2.2.0)
Processing /workspace/yolo_integration_20260915/converter_wheels/fsspec-2026.7.0-py3-none-any.whl (from torch==2.2.0)
Processing /workspace/yolo_integration_20260915/converter_wheels/ruamel.yaml.clib-0.2.12-cp312-cp312-manylinux2014_aarch64.whl (from ruamel.yaml==0.18.6)
Processing /workspace/yolo_integration_20260915/converter_wheels/humanfriendly-10.0-py2.py3-none-any.whl (from coloredlogs->onnxruntime==1.18.1)
Processing /workspace/yolo_integration_20260915/converter_wheels/markupsafe-3.0.3-cp312-cp312-manylinux2014_aarch64.manylinux_2_17_aarch64.manylinux_2_28_aarch64.whl (from jinja2->torch==2.2.0)
Processing /workspace/yolo_integration_20260915/converter_wheels/mpmath-1.3.0-py3-none-any.whl (from sympy->onnxruntime==1.18.1)
Installing collected packages: mpmath, flatbuffers, typing-extensions, tqdm, sympy, ruamel.yaml.clib, psutil, protobuf, Pillow, packaging, numpy, networkx, MarkupSafe, humanfriendly, fsspec, filelock, scipy, ruamel.yaml, opencv-python-headless, onnx, jinja2, fast-histogram, coloredlogs, torch, onnxruntime

Successfully installed MarkupSafe-3.0.3 Pillow-10.4.0 coloredlogs-15.0.1 fast-histogram-0.14 filelock-3.32.6 flatbuffers-25.12.19 fsspec-2026.7.0 humanfriendly-10.0 jinja2-3.1.6 mpmath-1.3.0 networkx-3.6.1 numpy-1.26.4 onnx-1.16.1 onnxruntime-1.18.1 opencv-python-headless-4.10.0.84 packaging-26.3 protobuf-4.25.4 psutil-6.1.1 ruamel.yaml-0.18.6 ruamel.yaml.clib-0.2.12 scipy-1.13.1 sympy-1.14.0 torch-2.2.0 tqdm-4.70.1 typing-extensions-4.16.0
WARNING: Running pip as the 'root' user can result in broken permissions and conflicting behaviour with the system package manager, possibly rendering your system unusable. It is recommended to use a virtual environment instead: https://pip.pypa.io/warnings/venv. Use the --root-user-action option if you know what you are doing and want to suppress this warning.
Processing /workspace/yolo_integration_20260915/rknn_toolkit2-2.3.2-cp312-cp312-manylinux_2_17_aarch64.manylinux2014_aarch64.whl
Installing collected packages: rknn-toolkit2
Successfully installed rknn-toolkit2-2.3.2
WARNING: Running pip as the 'root' user can result in broken permissions and conflicting behaviour with the system package manager, possibly rendering your system unusable. It is recommended to use a virtual environment instead: https://pip.pypa.io/warnings/venv. Use the --root-user-action option if you know what you are doing and want to suppress this warning.
Looking in links: /workspace/yolo_integration_20260915/converter_wheels
Processing /workspace/yolo_integration_20260915/converter_wheels/setuptools-80.9.0-py3-none-any.whl
Installing collected packages: setuptools
Successfully installed setuptools-80.9.0
WARNING: Running pip as the 'root' user can result in broken permissions and conflicting behaviour with the system package manager, possibly rendering your system unusable. It is recommended to use a virtual environment instead: https://pip.pypa.io/warnings/venv. Use the --root-user-action option if you know what you are doing and want to suppress this warning.
