Collecting onnx==1.16.1
  Using cached onnx-1.16.1-cp312-cp312-manylinux_2_17_aarch64.manylinux2014_aarch64.whl.metadata (16 kB)
Collecting onnxruntime==1.18.1
  Downloading onnxruntime-1.18.1-cp312-cp312-manylinux_2_27_aarch64.manylinux_2_28_aarch64.whl.metadata (4.3 kB)
Collecting torch==2.2.0
  Downloading torch-2.2.0-cp312-cp312-manylinux2014_aarch64.whl.metadata (25 kB)
Collecting protobuf==4.25.4
  Downloading protobuf-4.25.4-cp37-abi3-manylinux2014_aarch64.whl.metadata (541 bytes)
Collecting numpy==1.26.4
  Downloading numpy-1.26.4-cp312-cp312-manylinux_2_17_aarch64.manylinux2014_aarch64.whl.metadata (62 kB)
Collecting tqdm>=4.64.1
  Downloading tqdm-4.70.1-py3-none-any.whl.metadata (57 kB)
Collecting fast-histogram>=0.11
  Downloading fast_histogram-0.14-cp39-abi3-manylinux_2_17_aarch64.manylinux2014_aarch64.whl.metadata (6.8 kB)
Collecting coloredlogs (from onnxruntime==1.18.1)
  Downloading coloredlogs-15.0.1-py2.py3-none-any.whl.metadata (12 kB)
Collecting flatbuffers (from onnxruntime==1.18.1)
  Downloading flatbuffers-25.12.19-py2.py3-none-any.whl.metadata (1.0 kB)
Collecting packaging (from onnxruntime==1.18.1)
  Downloading packaging-26.3-py3-none-any.whl.metadata (3.5 kB)
Collecting sympy (from onnxruntime==1.18.1)
  Downloading sympy-1.14.0-py3-none-any.whl.metadata (12 kB)
Collecting filelock (from torch==2.2.0)
  Downloading filelock-3.32.6-py3-none-any.whl.metadata (2.0 kB)
Collecting typing-extensions>=4.8.0 (from torch==2.2.0)
  Using cached typing_extensions-4.16.0-py3-none-any.whl.metadata (3.3 kB)
Collecting networkx (from torch==2.2.0)
  Downloading networkx-3.6.1-py3-none-any.whl.metadata (6.8 kB)
Collecting jinja2 (from torch==2.2.0)
  Downloading jinja2-3.1.6-py3-none-any.whl.metadata (2.9 kB)
Collecting fsspec (from torch==2.2.0)
  Downloading fsspec-2026.7.0-py3-none-any.whl.metadata (10 kB)
Collecting humanfriendly>=9.1 (from coloredlogs->onnxruntime==1.18.1)
  Downloading humanfriendly-10.0-py2.py3-none-any.whl.metadata (9.2 kB)
Collecting MarkupSafe>=2.0 (from jinja2->torch==2.2.0)
  Downloading markupsafe-3.0.3-cp312-cp312-manylinux2014_aarch64.manylinux_2_17_aarch64.manylinux_2_28_aarch64.whl.metadata (2.7 kB)
Collecting mpmath<1.4,>=1.1.0 (from sympy->onnxruntime==1.18.1)
  Downloading mpmath-1.3.0-py3-none-any.whl.metadata (8.6 kB)
Downloading onnx-1.16.1-cp312-cp312-manylinux_2_17_aarch64.manylinux2014_aarch64.whl (15.8 MB)
   ━━━━━━━━━━━━━━━━━━━━━━━━━━━━━━━━━━━━━━━━ 15.8/15.8 MB 4.0 MB/s  0:00:03
Downloading onnxruntime-1.18.1-cp312-cp312-manylinux_2_27_aarch64.manylinux_2_28_aarch64.whl (6.0 MB)
   ━━━━━━━━━━━━━━━━━━━━━━━━━━━━━━━━━━━━━━━━ 6.0/6.0 MB 10.1 MB/s  0:00:00
Downloading numpy-1.26.4-cp312-cp312-manylinux_2_17_aarch64.manylinux2014_aarch64.whl (13.9 MB)
   ━━━━━━━━━━━━━━━━━━━━━━━━━━━━━━━━━━━━━━━━ 13.9/13.9 MB 6.3 MB/s  0:00:02
Downloading torch-2.2.0-cp312-cp312-manylinux2014_aarch64.whl (86.5 MB)
   ━━━━━━━━━━━━━━━━━━━━━━━━━━━━━━━━━━━━━━━━ 86.5/86.5 MB 6.9 MB/s  0:00:12
Downloading protobuf-4.25.4-cp37-abi3-manylinux2014_aarch64.whl (293 kB)
Downloading tqdm-4.70.1-py3-none-any.whl (80 kB)
Downloading fast_histogram-0.14-cp39-abi3-manylinux_2_17_aarch64.manylinux2014_aarch64.whl (55 kB)
Using cached typing_extensions-4.16.0-py3-none-any.whl (45 kB)
Downloading coloredlogs-15.0.1-py2.py3-none-any.whl (46 kB)
Downloading humanfriendly-10.0-py2.py3-none-any.whl (86 kB)
Downloading filelock-3.32.6-py3-none-any.whl (100 kB)
Downloading flatbuffers-25.12.19-py2.py3-none-any.whl (26 kB)
Downloading fsspec-2026.7.0-py3-none-any.whl (206 kB)
Downloading jinja2-3.1.6-py3-none-any.whl (134 kB)
Downloading markupsafe-3.0.3-cp312-cp312-manylinux2014_aarch64.manylinux_2_17_aarch64.manylinux_2_28_aarch64.whl (24 kB)
Downloading networkx-3.6.1-py3-none-any.whl (2.1 MB)
   ━━━━━━━━━━━━━━━━━━━━━━━━━━━━━━━━━━━━━━━━ 2.1/2.1 MB 4.8 MB/s  0:00:00
Downloading packaging-26.3-py3-none-any.whl (129 kB)
Downloading sympy-1.14.0-py3-none-any.whl (6.3 MB)
   ━━━━━━━━━━━━━━━━━━━━━━━━━━━━━━━━━━━━━━━━ 6.3/6.3 MB 9.8 MB/s  0:00:00
Downloading mpmath-1.3.0-py3-none-any.whl (536 kB)
   ━━━━━━━━━━━━━━━━━━━━━━━━━━━━━━━━━━━━━━━━ 536.2/536.2 kB 9.8 MB/s  0:00:00
Saved ./radar_system/yolo_integration_20260915/converter_wheels/onnx-1.16.1-cp312-cp312-manylinux_2_17_aarch64.manylinux2014_aarch64.whl
Saved ./radar_system/yolo_integration_20260915/converter_wheels/onnxruntime-1.18.1-cp312-cp312-manylinux_2_27_aarch64.manylinux_2_28_aarch64.whl
Saved ./radar_system/yolo_integration_20260915/converter_wheels/numpy-1.26.4-cp312-cp312-manylinux_2_17_aarch64.manylinux2014_aarch64.whl
Saved ./radar_system/yolo_integration_20260915/converter_wheels/torch-2.2.0-cp312-cp312-manylinux2014_aarch64.whl
Saved ./radar_system/yolo_integration_20260915/converter_wheels/protobuf-4.25.4-cp37-abi3-manylinux2014_aarch64.whl
Saved ./radar_system/yolo_integration_20260915/converter_wheels/tqdm-4.70.1-py3-none-any.whl
Saved ./radar_system/yolo_integration_20260915/converter_wheels/fast_histogram-0.14-cp39-abi3-manylinux_2_17_aarch64.manylinux2014_aarch64.whl
Saved ./radar_system/yolo_integration_20260915/converter_wheels/typing_extensions-4.16.0-py3-none-any.whl
Saved ./radar_system/yolo_integration_20260915/converter_wheels/coloredlogs-15.0.1-py2.py3-none-any.whl
Saved ./radar_system/yolo_integration_20260915/converter_wheels/humanfriendly-10.0-py2.py3-none-any.whl
Saved ./radar_system/yolo_integration_20260915/converter_wheels/filelock-3.32.6-py3-none-any.whl
Saved ./radar_system/yolo_integration_20260915/converter_wheels/flatbuffers-25.12.19-py2.py3-none-any.whl
Saved ./radar_system/yolo_integration_20260915/converter_wheels/fsspec-2026.7.0-py3-none-any.whl
Saved ./radar_system/yolo_integration_20260915/converter_wheels/jinja2-3.1.6-py3-none-any.whl
Saved ./radar_system/yolo_integration_20260915/converter_wheels/markupsafe-3.0.3-cp312-cp312-manylinux2014_aarch64.manylinux_2_17_aarch64.manylinux_2_28_aarch64.whl
Saved ./radar_system/yolo_integration_20260915/converter_wheels/networkx-3.6.1-py3-none-any.whl
Saved ./radar_system/yolo_integration_20260915/converter_wheels/packaging-26.3-py3-none-any.whl
Saved ./radar_system/yolo_integration_20260915/converter_wheels/sympy-1.14.0-py3-none-any.whl
Saved ./radar_system/yolo_integration_20260915/converter_wheels/mpmath-1.3.0-py3-none-any.whl
Successfully downloaded onnx onnxruntime numpy torch protobuf tqdm fast-histogram typing-extensions coloredlogs humanfriendly filelock flatbuffers fsspec jinja2 MarkupSafe networkx packaging sympy mpmath
